Microchip MPLAB XC8 Compiler V2.50

Linker command line:

-W-3 --edf=/Applications/microchip/xc8/v2.50/pic/dat/20240725155939_en.msgs \
  -pivt0x8=08h -cn -h+dist/default/debug/Intership-MoveAutomation.debug.sym \
  --cmf=dist/default/debug/Intership-MoveAutomation.debug.cmf -z -Q18F15Q41 \
  -o/tmp/xcViZdn4Q/driver_tmp_3.o --defsym=__MPLAB_BUILD=1 \
  --fixupoverflow=error \
  -Mdist/default/debug/Intership-MoveAutomation.debug.map \
  --md=/tmp/xcViZdn4Q/driver_tmp_0.dat -E1 -ver=XC8 Compiler --acfsm=1493 \
  -ACODE=00h-07FFFh -ACONST=00h-07FFFh -ASMALLCONST=0E00h-0EFFhx114 \
  -AMEDIUMCONST=0E00h-07FFFh -ACOMRAM=0501h-055Fh -AABS1=0500h-0CFFh \
  -ABIGRAM=0501h-0CFFh -ARAM=0560h-05FFh,0600h-06FFhx7 -ABANK5=0560h-05FFh \
  -ABANK6=0600h-06FFh -ABANK7=0700h-07FFh -ABANK8=0800h-08FFh \
  -ABANK9=0900h-09FFh -ABANK10=0A00h-0AFFh -ABANK11=0B00h-0BFFh \
  -ABANK12=0C00h-0CFFh -ASFR=00h-0FFhx4,0400h-045Fh,0460h-04FFh,0D00h-0DFFh \
  -ABIGSFR=00h-04FFh,0D00h-0DFFh -ACONFIG=0300000h-0300011h \
  -AIDLOC=0200000h-020003Fh -AEEDATA=0380000h-03801FFh -peeprom_data=EEDATA \
  -preset_vec=00h -ppowerup=CODE,init -pramtop=0E00h \
  -psmallconst=SMALLCONST -pmediumconst=MEDIUMCONST -pconst=CONST \
  -AFARRAM=00h-00h \
  -prdata=COMRAM,nvrram=COMRAM,nvbit=COMRAM,rbss=COMRAM,rbit=COMRAM \
  -pfarbss=FARRAM,fardata=FARRAM,nvFARRAM=FARRAM \
  -pintsave_regs=BIGRAM,bigbss=BIGRAM,bigdata=BIGRAM -pbss=RAM \
  -pidata=CODE,irdata=CODE,ibigdata=CODE,ifardata=CODE -prparam=COMRAM \
  /tmp/xcViZdn4Q/driver_tmp_9.o \
  dist/default/debug/Intership-MoveAutomation.debug.o 

Object code version is 3.11

Machine type is 18F15Q41



                Name                               Link     Load   Length Selector   Space Scale
/tmp/xcViZdn4Q/driver_tmp_9.o
                config                           300000   300000        9        0       4
                init                                 1A       1A        4        4       0
                reset_vec                             0        0        6        0       0
dist/default/debug/Intership-MoveAutomation.debug.o
                config                           300000   300000        9        0       4
                mediumconst                        7E5A     7E5A      1A6     3F2D       0
                ivt0x8                                8        8       12        4       0
                text137                            367C     367C        2     19A9       0
                text136                            34EC     34EC       16     19A9       0
                text135                            3664     3664        4     19A9       0
                text134                            3660     3660        4     19A9       0
                text133                            3626     3626        A     19A9       0
                text132                            3656     3656        6     19A9       0
                text131                            3650     3650        6     19A9       0
                text130                            2812     2812       74        4       0
                text129                            361C     361C        A     19A9       0
                text128                            3612     3612        A     19A9       0
                text127                            2DAA     2DAA       4E        4       0
                text126                            2962     2962       6A        4       0
                text125                            1874     1874       D4        4       0
                text124                            2886     2886       70        4       0
                text123                            340C     340C       20     19A9       0
                text122                            279E     279E       74        4       0
                text121                            2E8C     2E8C       48        4       0
                text120                            364A     364A        6     19A9       0
                text119                            3526     3526       10     19A9       0
                text118                            3644     3644        6     19A9       0
                text117                            3516     3516       10     19A9       0
                text116                            2D5C     2D5C       4E        4       0
                text115                            3246     3246       34        4       0
                text114                            365C     365C        4     19A9       0
                text113                            3138     3138       38        4       0
                text112                            1296     1296      11A        4       0
                text111                              1E       1E      4B6        4       0
                text110                             8FA      8FA      390        4       0
                text109                             4D4      4D4      426        4       0
                text108                            14C0     14C0      106        4       0
                text107                             C8A      C8A      1B4        4       0
                text106                            3212     3212       34        4       0
                text105                            2A96     2A96       64        4       0
                text104                            33A2     33A2       28     19A9       0
                text103                            34A4     34A4       1C     19A9       0
                text102                            3486     3486       1E     19A9       0
                text101                            2168     2168       AE        4       0
                text100                            31DC     31DC       36        4       0
                text99                              E3E      E3E      1AE        4       0
                text98                             31A6     31A6       36        4       0
                text97                             367A     367A        2     19A9       0
                text96                             3100     3100       38        4       0
                text95                             15C6     15C6       EC        4       0
                text94                             2DF8     2DF8       4C        4       0
                text93                             272A     272A       74        4       0
                text92                             3678     3678        2     19A9       0
                text91                             2FDC     2FDC       3E        4       0
                text90                             2ED4     2ED4       46        4       0
                text89                             1DEA     1DEA       BA        4       0
                text88                             20BA     20BA       AE        4       0
                text87                             1BA4     1BA4       C4        4       0
                text86                             2C12     2C12       56        4       0
                text85                             32A8     32A8       2C        4       0
                text84                             13B0     13B0      110        4       0
                text83                             1D2A     1D2A       C0        4       0
                text82                             2F9C     2F9C       40        4       0
                text81                             29CC     29CC       66        4       0
                text80                             3676     3676        2     19A9       0
                text79                             200A     200A       B0        4       0
                text78                             2E44     2E44       48        4       0
                text77                             22B8     22B8       94        4       0
                text76                             1F5A     1F5A       B0        4       0
                text75                             1A18     1A18       C8        4       0
                text74                             26B6     26B6       74        4       0
                text73                             3674     3674        2     19A9       0
                text72                             3672     3672        2     19A9       0
                text71                             3670     3670        2     19A9       0
                text70                             3544     3544        E     19A9       0
                text69                             34D6     34D6       16     19A9       0
                text68                             2D0E     2D0E       4E        4       0
                text67                             23DA     23DA       8A        4       0
                text66                             2464     2464       7E        4       0
                text65                              FEC      FEC      15C        4       0
                text64                             2A32     2A32       64        4       0
                text63                             16B2     16B2       E6        4       0
                text62                             1EA4     1EA4       B6        4       0
                text61                             1AE0     1AE0       C4        4       0
                text60                             366E     366E        2     19A9       0
                text59                             2642     2642       74        4       0
                text58                             234C     234C       8E        4       0
                text57                             2F5C     2F5C       40        4       0
                text56                             2216     2216       A2        4       0
                text55                             3536     3536        E     19A9       0
                text54                             366C     366C        2     19A9       0
                text53                             366A     366A        2     19A9       0
                text52                             3630     3630        8     19A9       0
                text51                             2558     2558       76        4       0
                text50                             3552     3552        C     19A9       0
                text49                             2B5C     2B5C       5C        4       0
                text48                             1C68     1C68       C2        4       0
                text47                             3608     3608        A     19A9       0
                text46                             2CBC     2CBC       52        4       0
                text45                             3502     3502       14     19A9       0
                text44                             35FE     35FE        A     19A9       0
                text43                             35F4     35F4        A     19A9       0
                text42                             35EA     35EA        A     19A9       0
                text41                             3056     3056       3A        4       0
                text40                             363E     363E        6     19A9       0
                text39                             3638     3638        6     19A9       0
                text38                             35E0     35E0        A     19A9       0
                text37                             35D6     35D6        A     19A9       0
                text36                             35CC     35CC        A     19A9       0
                text35                             35C2     35C2        A     19A9       0
                text34                             35B8     35B8        A     19A9       0
                text33                             35AE     35AE        A     19A9       0
                text32                             35A4     35A4        A     19A9       0
                text31                             1948     1948       D0        4       0
                text30                             359A     359A        A     19A9       0
                text29                             3590     3590        A     19A9       0
                text28                             3586     3586        A     19A9       0
                text27                             2AFA     2AFA       62        4       0
                text26                             24E2     24E2       76        4       0
                text25                             357C     357C        A     19A9       0
                text24                             3572     3572        A     19A9       0
                text23                             2C68     2C68       54        4       0
                text22                             25CE     25CE       74        4       0
                text21                             1798     1798       DC        4       0
                text20                             327A     327A       2E        4       0
                text19                             337A     337A       28     19A9       0
                text18                             3568     3568        A     19A9       0
                text17                             3170     3170       36        4       0
                text16                             355E     355E        A     19A9       0
                text15                             32FE     32FE       2A        4       0
                text14                             3468     3468       1E     19A9       0
                text13                             344A     344A       1E     19A9       0
                text12                             342C     342C       1E     19A9       0
                text11                             28F6     28F6       6C        4       0
                text10                             32D4     32D4       2A        4       0
                text9                              30C8     30C8       38        4       0
                text8                              3352     3352       28     19A9       0
                text7                              33CA     33CA       22     19A9       0
                text6                              3090     3090       38        4       0
                text5                              3668     3668        2     19A9       0
                text4                              34C0     34C0       16     19A9       0
                text3                              2F1A     2F1A       42        4       0
                text2                              301A     301A       3C        4       0
                text1                              1148     1148      14E        4       0
                text0                              33EC     33EC       20     19A9       0
                cstackCOMRAM                        501      501       5A      501       1
                cstackBANK5                         5E0      5E0       17      560       1
                dataBANK5                           59D      59D       29      560       1
                bssBANK5                            560      560       3D      560       1
                dataCOMRAM                          55D      55D        1      501       1
                bssCOMRAM                           55B      55B        2      501       1
                cinit                              2BB8     2BB8       5A        4       0
                nvBANK5                             5C6      5C6       1A      560       1
                idataBANK5                         3328     3328       29        4       0
                idataCOMRAM                        367E     367E        1     19A9       0

TOTAL           Name                               Link     Load   Length     Space
        CLASS   CODE           
                init                                 1A       1A        4         0
                reset_vec                             0        0        6         0
                ivt0x8                                8        8       12         0
                text137                            367C     367C        2         0
                text136                            34EC     34EC       16         0
                text135                            3664     3664        4         0
                text134                            3660     3660        4         0
                text133                            3626     3626        A         0
                text132                            3656     3656        6         0
                text131                            3650     3650        6         0
                text130                            2812     2812       74         0
                text129                            361C     361C        A         0
                text128                            3612     3612        A         0
                text127                            2DAA     2DAA       4E         0
                text126                            2962     2962       6A         0
                text125                            1874     1874       D4         0
                text124                            2886     2886       70         0
                text123                            340C     340C       20         0
                text122                            279E     279E       74         0
                text121                            2E8C     2E8C       48         0
                text120                            364A     364A        6         0
                text119                            3526     3526       10         0
                text118                            3644     3644        6         0
                text117                            3516     3516       10         0
                text116                            2D5C     2D5C       4E         0
                text115                            3246     3246       34         0
                text114                            365C     365C        4         0
                text113                            3138     3138       38         0
                text112                            1296     1296      11A         0
                text111                              1E       1E      4B6         0
                text110                             8FA      8FA      390         0
                text109                             4D4      4D4      426         0
                text108                            14C0     14C0      106         0
                text107                             C8A      C8A      1B4         0
                text106                            3212     3212       34         0
                text105                            2A96     2A96       64         0
                text104                            33A2     33A2       28         0
                text103                            34A4     34A4       1C         0
                text102                            3486     3486       1E         0
                text101                            2168     2168       AE         0
                text100                            31DC     31DC       36         0
                text99                              E3E      E3E      1AE         0
                text98                             31A6     31A6       36         0
                text97                             367A     367A        2         0
                text96                             3100     3100       38         0
                text95                             15C6     15C6       EC         0
                text94                             2DF8     2DF8       4C         0
                text93                             272A     272A       74         0
                text92                             3678     3678        2         0
                text91                             2FDC     2FDC       3E         0
                text90                             2ED4     2ED4       46         0
                text89                             1DEA     1DEA       BA         0
                text88                             20BA     20BA       AE         0
                text87                             1BA4     1BA4       C4         0
                text86                             2C12     2C12       56         0
                text85                             32A8     32A8       2C         0
                text84                             13B0     13B0      110         0
                text83                             1D2A     1D2A       C0         0
                text82                             2F9C     2F9C       40         0
                text81                             29CC     29CC       66         0
                text80                             3676     3676        2         0
                text79                             200A     200A       B0         0
                text78                             2E44     2E44       48         0
                text77                             22B8     22B8       94         0
                text76                             1F5A     1F5A       B0         0
                text75                             1A18     1A18       C8         0
                text74                             26B6     26B6       74         0
                text73                             3674     3674        2         0
                text72                             3672     3672        2         0
                text71                             3670     3670        2         0
                text70                             3544     3544        E         0
                text69                             34D6     34D6       16         0
                text68                             2D0E     2D0E       4E         0
                text67                             23DA     23DA       8A         0
                text66                             2464     2464       7E         0
                text65                              FEC      FEC      15C         0
                text64                             2A32     2A32       64         0
                text63                             16B2     16B2       E6         0
                text62                             1EA4     1EA4       B6         0
                text61                             1AE0     1AE0       C4         0
                text60                             366E     366E        2         0
                text59                             2642     2642       74         0
                text58                             234C     234C       8E         0
                text57                             2F5C     2F5C       40         0
                text56                             2216     2216       A2         0
                text55                             3536     3536        E         0
                text54                             366C     366C        2         0
                text53                             366A     366A        2         0
                text52                             3630     3630        8         0
                text51                             2558     2558       76         0
                text50                             3552     3552        C         0
                text49                             2B5C     2B5C       5C         0
                text48                             1C68     1C68       C2         0
                text47                             3608     3608        A         0
                text46                             2CBC     2CBC       52         0
                text45                             3502     3502       14         0
                text44                             35FE     35FE        A         0
                text43                             35F4     35F4        A         0
                text42                             35EA     35EA        A         0
                text41                             3056     3056       3A         0
                text40                             363E     363E        6         0
                text39                             3638     3638        6         0
                text38                             35E0     35E0        A         0
                text37                             35D6     35D6        A         0
                text36                             35CC     35CC        A         0
                text35                             35C2     35C2        A         0
                text34                             35B8     35B8        A         0
                text33                             35AE     35AE        A         0
                text32                             35A4     35A4        A         0
                text31                             1948     1948       D0         0
                text30                             359A     359A        A         0
                text29                             3590     3590        A         0
                text28                             3586     3586        A         0
                text27                             2AFA     2AFA       62         0
                text26                             24E2     24E2       76         0
                text25                             357C     357C        A         0
                text24                             3572     3572        A         0
                text23                             2C68     2C68       54         0
                text22                             25CE     25CE       74         0
                text21                             1798     1798       DC         0
                text20                             327A     327A       2E         0
                text19                             337A     337A       28         0
                text18                             3568     3568        A         0
                text17                             3170     3170       36         0
                text16                             355E     355E        A         0
                text15                             32FE     32FE       2A         0
                text14                             3468     3468       1E         0
                text13                             344A     344A       1E         0
                text12                             342C     342C       1E         0
                text11                             28F6     28F6       6C         0
                text10                             32D4     32D4       2A         0
                text9                              30C8     30C8       38         0
                text8                              3352     3352       28         0
                text7                              33CA     33CA       22         0
                text6                              3090     3090       38         0
                text5                              3668     3668        2         0
                text4                              34C0     34C0       16         0
                text3                              2F1A     2F1A       42         0
                text2                              301A     301A       3C         0
                text1                              1148     1148      14E         0
                text0                              33EC     33EC       20         0
                cinit                              2BB8     2BB8       5A         0
                idataBANK5                         3328     3328       29         0
                idataCOMRAM                        367E     367E        1         0

        CLASS   CONST          

        CLASS   SMALLCONST     

        CLASS   MEDIUMCONST    
                mediumconst                        7E5A     7E5A      1A6         0

        CLASS   COMRAM         
                cstackCOMRAM                        501      501       5A         1
                dataCOMRAM                          55D      55D        1         1
                bssCOMRAM                           55B      55B        2         1

        CLASS   ABS1           

        CLASS   BIGRAM         

        CLASS   RAM            

        CLASS   BANK5          
                cstackBANK5                         5E0      5E0       17         1
                dataBANK5                           59D      59D       29         1
                bssBANK5                            560      560       3D         1
                nvBANK5                             5C6      5C6       1A         1

        CLASS   BANK6          

        CLASS   BANK7          

        CLASS   BANK8          

        CLASS   BANK9          

        CLASS   BANK10         

        CLASS   BANK11         

        CLASS   BANK12         

        CLASS   SFR            

        CLASS   BIGSFR         

        CLASS   CONFIG         
                config                           300000   300000        9         4

        CLASS   IDLOC          

        CLASS   EEDATA         

        CLASS   FARRAM         

        CLASS   HEAP           

        CLASS   STACK          



SEGMENTS        Name                           Load    Length   Top    Selector   Space  Class

                cstackCOMRAM                   000501  00005D  00055E       501       1  COMRAM  
                reset_vec                      000000  000006  000006         0       0  CODE    
                text8                          003352  00032D  00367F      19A9       0  CODE    
                bssBANK5                       000560  000097  0005F7       560       1  BANK5   
                ivt0x8                         000008  003349  003351         4       0  CODE    
                mediumconst                    007E5A  0001A6  008000      3F2D       0  MEDIUMCO


UNUSED ADDRESS RANGES

        Name                Unused          Largest block    Delta
        BANK10           000A00-000AFF              100
        BANK11           000B00-000BFF              100
        BANK12           000C00-000CFF              100
        BANK5            0005F7-0005FF                9
        BANK6            000600-0006FF              100
        BANK7            000700-0007FF              100
        BANK8            000800-0008FF              100
        BANK9            000900-0009FF              100
        BIGRAM           00055E-00055F                2
                         0005F7-000CFF              709
        BIGSFR           000000-0004FF              500
                         000D00-000DFF              100
        CODE             000006-000007                2
                         003351-003351                1
                         00367F-007E59             47DB
        COMRAM           00055E-00055F                2
        CONFIG           300009-300011                9
        CONST            000006-000007                2
                         003351-003351                1
                         00367F-007E59             47DB
        EEDATA           380000-3801FF              200
        IDLOC            200000-20003F               40
        MEDIUMCONST      003351-003351                1
                         00367F-007E59             47DB
        RAM              0005F7-000CFF              100
        SFR              000000-0004FF              100
                         000D00-000DFF              100
        SMALLCONST       003351-003351                1
                         00367F-007E59              100

                                  Symbol Table

?_ADCC_GetConversionResult                                      cstackCOMRAM 000501
?_EEPROM_ReadUInt16                                             cstackBANK5  0005E9
?___fladd                                                       cstackCOMRAM 000501
?___fldiv                                                       cstackCOMRAM 000511
?___flmul                                                       cstackCOMRAM 00052A
?___fltol                                                       cstackCOMRAM 000543
?___lwdiv                                                       cstackCOMRAM 000501
?___lwmod                                                       cstackCOMRAM 000501
?___xxtofl                                                      cstackCOMRAM 000501
?_abs                                                           cstackCOMRAM 000501
ADCC_SetADIInterruptHandler@InterruptHandler                    cstackBANK5  0005E6
ADCC_StartConversion@channel                                    cstackCOMRAM 000501
BACK_SetInterruptHandler@InterruptHandler                       cstackBANK5  0005E6
BUTTON_SetInterruptHandler@InterruptHandler                     cstackBANK5  0005E6
CheckOverCurrent@adc                                            cstackCOMRAM 000555
CheckOverCurrent@current                                        cstackCOMRAM 000559
CheckOverCurrent@current_A                                      cstackCOMRAM 000551
CheckOverCurrent@current_mA                                     cstackCOMRAM 000557
CheckOverCurrent@voltage                                        cstackCOMRAM 00054D
DEBUG_PRINT_INT@debug$F2824@value                               cstackBANK5  0005E6
DEBUG_PRINT_INT@debug$F3089@value                               cstackCOMRAM 000501
DEBUG_PRINT_INT@debug$F660@value                                cstackCOMRAM 000501
DOWN_SetInterruptHandler@InterruptHandler                       cstackBANK5  0005E6
EEPROM_Read@DFM_ADDR                                            cstackBANK5  0005E6
EEPROM_ReadUInt16@addr                                          cstackBANK5  0005E9
EEPROM_ReadUInt16@high                                          cstackBANK5  0005EF
EEPROM_ReadUInt16@low                                           cstackBANK5  0005EE
EEPROM_Write@DFM_ADDR                                           cstackCOMRAM 000501
EEPROM_Write@data                                               cstackCOMRAM 000504
EEPROM_Write@globalInterruptBitValue                            cstackCOMRAM 000505
EEPROM_WriteUInt16@addr                                         cstackCOMRAM 000506
EEPROM_WriteUInt16@byte                                         cstackCOMRAM 00050F
EEPROM_WriteUInt16@i                                            cstackCOMRAM 000510
EEPROM_WriteUInt16@value                                        cstackCOMRAM 000509
ENTER_SetInterruptHandler@InterruptHandler                      cstackBANK5  0005E6
GATE_SetInterruptHandler@InterruptHandler                       cstackBANK5  0005E6
INT0_SetInterruptHandler@InterruptHandler                       cstackBANK5  0005E6
INT1_SetInterruptHandler@InterruptHandler                       cstackBANK5  0005E6
INT2_SetInterruptHandler@InterruptHandler                       cstackBANK5  0005E6
INTSTAT_ADDR                                                    (abs)        0000D7
IVTBASEH                                                        (abs)        00045E
IVTBASEL                                                        (abs)        00045D
IVTBASEU                                                        (abs)        00045F
Menu_AdjustOvercurrent@F14577                                   dataBANK5    0005AC
Menu_AdjustOvercurrent@increase                                 cstackCOMRAM 000517
Menu_AdjustOvercurrent@label                                    cstackCOMRAM 000512
Menu_AdjustSpeed@F14573                                         dataBANK5    0005B1
Menu_AdjustSpeed@increase                                       cstackCOMRAM 000518
Menu_AdjustSpeed@label                                          cstackCOMRAM 000513
Menu_AdjustTime@F14581                                          dataBANK5    0005A7
Menu_AdjustTime@increase                                        cstackCOMRAM 000517
Menu_AdjustTime@label                                           cstackCOMRAM 000512
Menu_PrintCurrentOption@F14568                                  dataBANK5    0005B6
Menu_PrintCurrentOption@shortLabel                              cstackCOMRAM 000514
Motor_UpdateSpeedLevel@F14403                                   mediumconst  007EB5
Motor_UpdateSpeedLevel@speedTable                               cstackCOMRAM 000501
PHOTOCELL_SetInterruptHandler@InterruptHandler                  cstackBANK5  0005E6
PWM1_PHASE_A_Period_SetInterruptHandler@InterruptHandler        cstackBANK5  0005E6
PWM1_PHASE_A_SetSlice1Output1DutyCycleRegister@registerValue    cstackCOMRAM 000501
PWM1_PHASE_A_Slice1Output1_SetInterruptHandler@InterruptHandler cstackBANK5  0005E6
PWM1_PHASE_A_Slice1Output2_SetInterruptHandler@InterruptHandler cstackBANK5  0005E6
SetGate@direction                                               cstackCOMRAM 000518
SetGate@displayMsg                                              cstackCOMRAM 000516
SetGate@dutyCycle                                               cstackCOMRAM 000512
SetGate@timerStart                                              cstackCOMRAM 000514
TMR0_OverflowCallbackRegister@CallbackHandler                   cstackBANK5  0005E6
TMR2_ISR@CountCallBack                                          bssBANK5     000570
TMR2_OverflowCallbackRegister@InterruptHandler                  cstackBANK5  0005E6
UART1_FramingErrorCallbackRegister@callbackHandler              cstackBANK5  0005E6
UART1_OverrunErrorCallbackRegister@callbackHandler              cstackBANK5  0005E6
UART1_ParityErrorCallbackRegister@callbackHandler               cstackBANK5  0005E6
UART1_Write@txData                                              cstackBANK5  0005E7
UART1_WriteHexDigit@F14450                                      mediumconst  007EC7
UART1_WriteString@str                                           cstackBANK5  0005E9
UART1_WriteUInt@buffer                                          cstackCOMRAM 00050A
UART1_WriteUInt@i                                               cstackCOMRAM 000510
UART1_WriteUInt@value                                           cstackCOMRAM 000508
UP_SetInterruptHandler@InterruptHandler                         cstackBANK5  0005E6
_ACTCON                                                         (abs)        0000AC
_ADACCH                                                         (abs)        0003E4
_ADACCL                                                         (abs)        0003E3
_ADACCU                                                         (abs)        0003E5
_ADACQH                                                         (abs)        0003EF
_ADACQL                                                         (abs)        0003EE
_ADACT                                                          (abs)        0003F9
_ADCAP                                                          (abs)        0003F0
_ADCC_ADI_InterruptHandler                                      nvBANK5      0005DE
_ADCC_DefaultADI_ISR                                            text137      00367C
_ADCC_GetConversionResult                                       text136      0034EC
_ADCC_ISR                                                       text98       0031A6
_ADCC_Initialize                                                text46       002CBC
_ADCC_SetADIInterruptHandler                                    text47       003608
_ADCC_StartConversion                                           text50       003552
_ADCLK                                                          (abs)        0003FA
_ADCNT                                                          (abs)        0003E6
_ADCON0                                                         (abs)        0003F3
_ADCON0bits                                                     (abs)        0003F3
_ADCON1                                                         (abs)        0003F4
_ADCON1bits                                                     (abs)        0003F4
_ADCON2                                                         (abs)        0003F5
_ADCON2bits                                                     (abs)        0003F5
_ADCON3                                                         (abs)        0003F6
_ADCON3bits                                                     (abs)        0003F6
_ADERRH                                                         (abs)        0003DE
_ADERRL                                                         (abs)        0003DD
_ADFLTRH                                                        (abs)        0003E2
_ADFLTRL                                                        (abs)        0003E1
_ADLTHH                                                         (abs)        0003DA
_ADLTHL                                                         (abs)        0003D9
_ADPCH                                                          (abs)        0003EC
_ADPREH                                                         (abs)        0003F2
_ADPREL                                                         (abs)        0003F1
_ADPREVH                                                        (abs)        0003E9
_ADPREVL                                                        (abs)        0003E8
_ADREF                                                          (abs)        0003F8
_ADRESH                                                         (abs)        0003EB
_ADRESL                                                         (abs)        0003EA
_ADRPT                                                          (abs)        0003E7
_ADSTAT                                                         (abs)        0003F7
_ADSTATbits                                                     (abs)        0003F7
_ADSTPTH                                                        (abs)        0003E0
_ADSTPTL                                                        (abs)        0003DF
_ADUTHH                                                         (abs)        0003DC
_ADUTHL                                                         (abs)        0003DB
_ANSELA                                                         (abs)        000400
_ANSELB                                                         (abs)        000408
_ANSELC                                                         (abs)        000410
_BACK_DefaultInterruptHandler                                   text97       00367A
_BACK_ISR                                                       text93       00272A
_BACK_InterruptHandler                                          nvBANK5      0005D4
_BACK_SetInterruptHandler                                       text38       0035E0
_BUTTON_DefaultInterruptHandler                                 (abs)        000000
_BUTTON_ISR                                                     text81       0029CC
_BUTTON_InterruptHandler                                        nvBANK5      0005CC
_BUTTON_SetInterruptHandler                                     text37       0035D6
_CLOCK_Initialize                                               text45       003502
_CheckOverCurrent                                               text99       000E3E
_CloseGate                                                      text123      00340C
_CloseGateSlow                                                  text121      002E8C
_DEBUG_PRINT_HEX@debug$F663                                     text72       003672
_DEBUG_PRINT_INT@debug$F2824                                    text5        003668
_DEBUG_PRINT_INT@debug$F3089                                    text92       003678
_DEBUG_PRINT_INT@debug$F660                                     text71       003670
_DOWN_DefaultInterruptHandler                                   text80       003676
_DOWN_ISR                                                       text74       0026B6
_DOWN_InterruptHandler                                          nvBANK5      0005D6
_DOWN_SetInterruptHandler                                       text36       0035CC
_EEPROM_Read                                                    text3        002F1A
_EEPROM_ReadUInt16                                              text2        00301A
_EEPROM_Write                                                   text68       002D0E
_EEPROM_WriteUInt16                                             text67       0023DA
_ENTER_DefaultInterruptHandler                                  text73       003674
_ENTER_ISR                                                      text64       002A32
_ENTER_InterruptHandler                                         nvBANK5      0005CA
_ENTER_SetInterruptHandler                                      text35       0035C2
_EmergencyOpen                                                  text86       002C12
_GATE_DefaultInterruptHandler                                   (abs)        000000
_GATE_ISR                                                       text63       0016B2
_GATE_InterruptHandler                                          nvBANK5      0005D0
_GATE_SetInterruptHandler                                       text34       0035B8
_HandleAutoCloseTimeout                                         text57       002F5C
_HandleButtonMenuConfig                                         text87       001BA4
_HandleConfigMode                                               text89       001DEA
_HandleEmergency                                                text85       0032A8
_HandleFullSpeedTransitions                                     text56       002216
_HandleMotorState                                               text112      001296
_HandleMotorWhileRunning                                        text84       0013B0
_HandleMotorWhileStopped                                        text83       001D2A
_INLVLA                                                         (abs)        000404
_INLVLB                                                         (abs)        00040C
_INLVLC                                                         (abs)        000414
_INT0_DefaultInterruptHandler                                   (abs)        000000
_INT0_InterruptHandler                                          bssBANK5     000580
_INT0_SetInterruptHandler                                       text44       0035FE
_INT1_DefaultInterruptHandler                                   (abs)        000000
_INT1_InterruptHandler                                          bssBANK5     00057E
_INT1_SetInterruptHandler                                       text43       0035F4
_INT2_DefaultInterruptHandler                                   (abs)        000000
_INT2_InterruptHandler                                          bssBANK5     00057C
_INT2_SetInterruptHandler                                       text42       0035EA
_INTCON0bits                                                    (abs)        0004D6
_INTERRUPT_Initialize                                           text41       003056
_INTERRUPT_InterruptManager                                     text48       001C68
_IOCAF                                                          (abs)        000407
_IOCAFbits                                                      (abs)        000407
_IOCAN                                                          (abs)        000406
_IOCAP                                                          (abs)        000405
_IOCBF                                                          (abs)        00040F
_IOCBFbits                                                      (abs)        00040F
_IOCBN                                                          (abs)        00040E
_IOCBP                                                          (abs)        00040D
_IOCCF                                                          (abs)        000417
_IOCCFbits                                                      (abs)        000417
_IOCCN                                                          (abs)        000416
_IOCCP                                                          (abs)        000415
_LATA                                                           (abs)        0004BE
_LATB                                                           (abs)        0004BF
_LATC                                                           (abs)        0004C0
_LATCbits                                                       (abs)        0004C0
_Menu_AdjustOvercurrent                                         text79       00200A
_Menu_AdjustSpeed                                               text77       0022B8
_Menu_AdjustTime                                                text76       001F5A
_Menu_HandleBack                                                text94       002DF8
_Menu_HandleDown                                                text75       001A18
_Menu_HandleEnterPress                                          text65       000FEC
_Menu_HandleUp                                                  text61       001AE0
_Menu_PrintCurrentOption                                        text95       0015C6
_Menu_SaveSettings                                              text66       002464
_MotorControl                                                   text82       002F9C
_MotorStartSampling                                             text119      003526
_MotorStopSampling                                              text117      003516
_Motor_UpdateSpeedLevel                                         text78       002E44
_NVMADR                                                         (abs)        000043
_NVMCON0bits                                                    (abs)        000040
_NVMCON1bits                                                    (abs)        000041
_NVMDATL                                                        (abs)        000046
_NVMLOCK                                                        (abs)        000042
_NVM_Initialize                                                 text39       003638
_NVM_IsBusy                                                     text4        0034C0
_NVM_StatusClear                                                text40       00363E
_NVM_UnlockSequence                                             text70       003544
_ODCONA                                                         (abs)        000402
_ODCONB                                                         (abs)        00040A
_ODCONC                                                         (abs)        000412
_OSCCON1                                                        (abs)        0000AD
_OSCCON3                                                        (abs)        0000AF
_OSCEN                                                          (abs)        0000B3
_OSCFRQ                                                         (abs)        0000B1
_OSCTUNE                                                        (abs)        0000B0
_OpenGate                                                       text116      002D5C
_OpenGate$2951                                                  cstackCOMRAM 00051B
_OpenGateSlow                                                   text115      003246
_PHOTOCELL_DefaultInterruptHandler                              (abs)        000000
_PHOTOCELL_ISR                                                  text62       001EA4
_PHOTOCELL_InterruptHandler                                     nvBANK5      0005CE
_PHOTOCELL_SetInterruptHandler                                  text33       0035AE
_PIE0bits                                                       (abs)        0004A8
_PIE1bits                                                       (abs)        0004A9
_PIE3bits                                                       (abs)        0004AB
_PIE4bits                                                       (abs)        0004AC
_PIN_MANAGER_IOC                                                text58       00234C
_PIN_MANAGER_Initialize                                         text31       001948
_PIR0bits                                                       (abs)        0004B3
_PIR10bits                                                      (abs)        0004BD
_PIR1bits                                                       (abs)        0004B4
_PIR2bits                                                       (abs)        0004B5
_PIR3bits                                                       (abs)        0004B6
_PIR4bits                                                       (abs)        0004B7
_PIR6bits                                                       (abs)        0004B9
_PORTAbits                                                      (abs)        0004CE
_PORTBbits                                                      (abs)        0004CF
_PORTCbits                                                      (abs)        0004D0
_PR2                                                            (abs)        00031D
_PWM1CLK                                                        (abs)        000461
_PWM1CON                                                        (abs)        000469
_PWM1CONbits                                                    (abs)        000469
_PWM1CPRE                                                       (abs)        000465
_PWM1ERS                                                        (abs)        000460
_PWM1GIE                                                        (abs)        000468
_PWM1GIEbits                                                    (abs)        000468
_PWM1GIR                                                        (abs)        000467
_PWM1GIRbits                                                    (abs)        000467
_PWM1LDS                                                        (abs)        000462
_PWM1PIPOS                                                      (abs)        000466
_PWM1PRH                                                        (abs)        000464
_PWM1PRL                                                        (abs)        000463
_PWM1S1CFG                                                      (abs)        00046A
_PWM1S1P1H                                                      (abs)        00046C
_PWM1S1P1L                                                      (abs)        00046B
_PWM1S1P2H                                                      (abs)        00046E
_PWM1S1P2L                                                      (abs)        00046D
_PWM1_PHASE_A_Disable                                           text114      00365C
_PWM1_PHASE_A_Enable                                            text135      003664
_PWM1_PHASE_A_Initialize                                        text27       002AFA
_PWM1_PHASE_A_LoadBufferRegisters                               text134      003660
_PWM1_PHASE_A_Period_DefaultInterruptHandler                    (abs)        000000
_PWM1_PHASE_A_Period_InterruptHandler                           nvBANK5      0005D8
_PWM1_PHASE_A_Period_SetInterruptHandler                        text30       00359A
_PWM1_PHASE_A_SetSlice1Output1DutyCycleRegister                 text133      003626
_PWM1_PHASE_A_Slice1Output1_DefaultInterruptHandler             (abs)        000000
_PWM1_PHASE_A_Slice1Output1_InterruptHandler                    nvBANK5      0005DC
_PWM1_PHASE_A_Slice1Output1_SetInterruptHandler                 text29       003590
_PWM1_PHASE_A_Slice1Output2_DefaultInterruptHandler             (abs)        000000
_PWM1_PHASE_A_Slice1Output2_InterruptHandler                    nvBANK5      0005DA
_PWM1_PHASE_A_Slice1Output2_SetInterruptHandler                 text28       003586
_RB4I2C                                                         (abs)        000287
_RB6I2C                                                         (abs)        000286
_RB6PPS                                                         (abs)        00020F
_RB7PPS                                                         (abs)        000210
_RC3                                                            (abs)        002683
_RC4                                                            (abs)        002684
_SLRCONA                                                        (abs)        000403
_SLRCONB                                                        (abs)        00040B
_SLRCONC                                                        (abs)        000413
_SYSTEM_Initialize                                              text10       0032D4
_SetGate                                                        text124      002886
_StopGate                                                       text113      003138
_T0CON0                                                         (abs)        00031A
_T0CON0bits                                                     (abs)        00031A
_T0CON1                                                         (abs)        00031B
_T2CLKCON                                                       (abs)        000320
_T2CON                                                          (abs)        00031E
_T2CONbits                                                      (abs)        00031E
_T2HLT                                                          (abs)        00031F
_T2HLTbits                                                      (abs)        00031F
_T2PR                                                           (abs)        00031D
_T2RST                                                          (abs)        000321
_T2RSTbits                                                      (abs)        000321
_T2TMR                                                          (abs)        00031C
_TM1637_Brightness                                              bssBANK5     000593
_TM1637_init                                                    text19       00337A
_TMR0H                                                          (abs)        000319
_TMR0L                                                          (abs)        000318
_TMR0_DefaultOverflowCallback                                   text53       00366A
_TMR0_Initialize                                                text17       003170
_TMR0_OverflowCallback                                          nvBANK5      0005C8
_TMR0_OverflowCallbackRegister                                  text18       003568
_TMR0_OverflowISR                                               text51       002558
_TMR0_PeriodCountSet                                            (abs)        000000
_TMR0_Reload                                                    text55       003536
_TMR0_Start                                                     text132      003656
_TMR0_Stop                                                      text131      003650
_TMR2                                                           (abs)        00031C
_TMR2_DefaultOverflowCallback                                   text54       00366C
_TMR2_ISR                                                       text49       002B5C
_TMR2_Initialize                                                text15       0032FE
_TMR2_OverflowCallback                                          nvBANK5      0005C6
_TMR2_OverflowCallbackRegister                                  text16       00355E
_TMR2_PeriodCountSet                                            (abs)        000000
_TMR2_Start                                                     text120      00364A
_TMR2_Stop                                                      text118      003644
_TRISA                                                          (abs)        0004C6
_TRISB                                                          (abs)        0004C7
_TRISC                                                          (abs)        0004C8
_TRISC3                                                         (abs)        002643
_TRISC4                                                         (abs)        002644
_Timer0                                                         mediumconst  007EE4
_Timer2                                                         mediumconst  007ED8
_TrackConfigTiming                                              text52       003630
_U1BRGH                                                         (abs)        0002AF
_U1BRGL                                                         (abs)        0002AE
_U1CON0                                                         (abs)        0002AB
_U1CON0bits                                                     (abs)        0002AB
_U1CON1                                                         (abs)        0002AC
_U1CON1bits                                                     (abs)        0002AC
_U1CON2                                                         (abs)        0002AD
_U1ERRIE                                                        (abs)        0002B3
_U1ERRIR                                                        (abs)        0002B2
_U1ERRIRbits                                                    (abs)        0002B2
_U1FIFO                                                         (abs)        0002B0
_U1FIFObits                                                     (abs)        0002B0
_U1P1H                                                          (abs)        0002A6
_U1P1L                                                          (abs)        0002A5
_U1P2H                                                          (abs)        0002A8
_U1P2L                                                          (abs)        0002A7
_U1P3H                                                          (abs)        0002AA
_U1P3L                                                          (abs)        0002A9
_U1RXB                                                          (abs)        0002A1
_U1RXCHK                                                        (abs)        0002A2
_U1RXPPS                                                        (abs)        000272
_U1TXB                                                          (abs)        0002A3
_U1TXCHK                                                        (abs)        0002A4
_U1UIR                                                          (abs)        0002B1
_U1UIRbits                                                      (abs)        0002B1
_UART1                                                          mediumconst  007E5B
_UART1_AutoBaudQuery                                            (abs)        000000
_UART1_AutoBaudSet                                              (abs)        000000
_UART1_DefaultFramingErrorCallback                              (abs)        000000
_UART1_DefaultOverrunErrorCallback                              (abs)        000000
_UART1_DefaultParityErrorCallback                               (abs)        000000
_UART1_Deinitialize                                             (abs)        000000
_UART1_ErrorGet                                                 (abs)        000000
_UART1_FramingErrorCallbackRegister                             text14       003468
_UART1_FramingErrorHandler                                      bssBANK5     00056C
_UART1_Initialize                                               text11       0028F6
_UART1_IsRxReady                                                (abs)        000000
_UART1_IsTxDone                                                 (abs)        000000
_UART1_IsTxReady                                                text9        0030C8
_UART1_IsTxReady$2738                                           cstackBANK5  0005E6
_UART1_IsTxReady$intlevel0                                      text9        0030D2
_UART1_OverrunErrorCallbackRegister                             text13       00344A
_UART1_OverrunErrorHandler                                      bssBANK5     00056A
_UART1_ParityErrorCallbackRegister                              text12       00342C
_UART1_ParityErrorHandler                                       bssBANK5     000568
_UART1_Read                                                     (abs)        000000
_UART1_TransmitDisable                                          (abs)        000000
_UART1_TransmitEnable                                           (abs)        000000
_UART1_Write                                                    text8        003352
_UART1_Write$intlevel0                                          text8        00335C
_UART1_WriteString                                              text6        003090
_UART1_WriteUInt                                                text88       0020BA
_UP_DefaultInterruptHandler                                     text60       00366E
_UP_ISR                                                         text59       002642
_UP_InterruptHandler                                            nvBANK5      0005D2
_UP_SetInterruptHandler                                         text32       0035A4
_WPUA                                                           (abs)        000401
_WPUB                                                           (abs)        000409
_WPUC                                                           (abs)        000411
__HRAM                                                          (abs)        000000
__H__absolute__                                                 __absolute__ 000000
__Habs1                                                         abs1         000000
__Hbank10                                                       bank10       000000
__Hbank11                                                       bank11       000000
__Hbank12                                                       bank12       000000
__Hbank5                                                        bank5        000000
__Hbank6                                                        bank6        000000
__Hbank7                                                        bank7        000000
__Hbank8                                                        bank8        000000
__Hbank9                                                        bank9        000000
__Hbigbss                                                       bigbss       000000
__Hbigdata                                                      bigdata      000000
__Hbigram                                                       bigram       000000
__Hbigsfr                                                       bigsfr       000000
__Hbss                                                          bss          000000
__HbssBANK5                                                     bssBANK5     000000
__HbssCOMRAM                                                    bssCOMRAM    000000
__Hcinit                                                        cinit        000000
__Hclrtext                                                      clrtext      000000
__Hcomram                                                       comram       000000
__Hconfig                                                       config       300009
__Hconst                                                        const        000000
__HcstackBANK5                                                  cstackBANK5  000000
__HcstackCOMRAM                                                 cstackCOMRAM 000000
__Hdata                                                         data         000000
__HdataBANK5                                                    dataBANK5    000000
__HdataCOMRAM                                                   dataCOMRAM   000000
__Heeprom_data                                                  eeprom_data  000000
__Hfarbss                                                       farbss       000000
__Hfardata                                                      fardata      000000
__Hheap                                                         heap         000000
__Hibigdata                                                     ibigdata     000000
__Hidata                                                        idata        000000
__HidataBANK5                                                   idataBANK5   000000
__HidataCOMRAM                                                  idataCOMRAM  000000
__Hidloc                                                        idloc        000000
__Hifardata                                                     ifardata     000000
__Hinit                                                         init         00001E
__Hintsave_regs                                                 intsave_regs 000000
__Hirdata                                                       irdata       000000
__Hivt0x8                                                       ivt0x8       00001A
__Hmediumconst                                                  mediumconst  008000
__HnvBANK5                                                      nvBANK5      000000
__HnvFARRAM                                                     nvFARRAM     000000
__Hnvbit                                                        nvbit        000000
__Hnvrram                                                       nvrram       000000
__Hparam                                                        rparam       000000
__Hpowerup                                                      powerup      000000
__Hram                                                          ram          000000
__Hramtop                                                       ramtop       000E00
__Hrbit                                                         rbit         000000
__Hrbss                                                         rbss         000000
__Hrdata                                                        rdata        000000
__Hreset_vec                                                    reset_vec    000006
__Hrparam                                                       rparam       000000
__Hsfr                                                          sfr          000000
__Hsmallconst                                                   smallconst   000000
__Hspace_0                                                      (abs)        008000
__Hspace_1                                                      (abs)        0005F7
__Hspace_2                                                      (abs)        000000
__Hspace_4                                                      (abs)        600009
__Hstack                                                        stack        000000
__Hstruct                                                       struct       000000
__Htemp                                                         temp         000000
__Htext                                                         text         000000
__Htext0                                                        text0        000000
__Htext1                                                        text1        000000
__Htext10                                                       text10       000000
__Htext100                                                      text100      000000
__Htext101                                                      text101      000000
__Htext102                                                      text102      000000
__Htext103                                                      text103      000000
__Htext104                                                      text104      000000
__Htext105                                                      text105      000000
__Htext106                                                      text106      000000
__Htext107                                                      text107      000000
__Htext108                                                      text108      000000
__Htext109                                                      text109      000000
__Htext11                                                       text11       000000
__Htext110                                                      text110      000000
__Htext111                                                      text111      000000
__Htext112                                                      text112      000000
__Htext113                                                      text113      000000
__Htext114                                                      text114      000000
__Htext115                                                      text115      000000
__Htext116                                                      text116      000000
__Htext117                                                      text117      000000
__Htext118                                                      text118      000000
__Htext119                                                      text119      000000
__Htext12                                                       text12       000000
__Htext120                                                      text120      000000
__Htext121                                                      text121      000000
__Htext122                                                      text122      000000
__Htext123                                                      text123      000000
__Htext124                                                      text124      000000
__Htext125                                                      text125      000000
__Htext126                                                      text126      000000
__Htext127                                                      text127      000000
__Htext128                                                      text128      000000
__Htext129                                                      text129      000000
__Htext13                                                       text13       000000
__Htext130                                                      text130      000000
__Htext131                                                      text131      000000
__Htext132                                                      text132      000000
__Htext133                                                      text133      000000
__Htext134                                                      text134      000000
__Htext135                                                      text135      000000
__Htext136                                                      text136      000000
__Htext137                                                      text137      000000
__Htext14                                                       text14       000000
__Htext15                                                       text15       000000
__Htext16                                                       text16       000000
__Htext17                                                       text17       000000
__Htext18                                                       text18       000000
__Htext19                                                       text19       000000
__Htext2                                                        text2        000000
__Htext20                                                       text20       000000
__Htext21                                                       text21       000000
__Htext22                                                       text22       000000
__Htext23                                                       text23       000000
__Htext24                                                       text24       000000
__Htext25                                                       text25       000000
__Htext26                                                       text26       000000
__Htext27                                                       text27       000000
__Htext28                                                       text28       000000
__Htext29                                                       text29       000000
__Htext3                                                        text3        000000
__Htext30                                                       text30       000000
__Htext31                                                       text31       000000
__Htext32                                                       text32       000000
__Htext33                                                       text33       000000
__Htext34                                                       text34       000000
__Htext35                                                       text35       000000
__Htext36                                                       text36       000000
__Htext37                                                       text37       000000
__Htext38                                                       text38       000000
__Htext39                                                       text39       000000
__Htext4                                                        text4        000000
__Htext40                                                       text40       000000
__Htext41                                                       text41       000000
__Htext42                                                       text42       000000
__Htext43                                                       text43       000000
__Htext44                                                       text44       000000
__Htext45                                                       text45       000000
__Htext46                                                       text46       000000
__Htext47                                                       text47       000000
__Htext48                                                       text48       000000
__Htext49                                                       text49       000000
__Htext5                                                        text5        000000
__Htext50                                                       text50       000000
__Htext51                                                       text51       000000
__Htext52                                                       text52       000000
__Htext53                                                       text53       000000
__Htext54                                                       text54       000000
__Htext55                                                       text55       000000
__Htext56                                                       text56       000000
__Htext57                                                       text57       000000
__Htext58                                                       text58       000000
__Htext59                                                       text59       000000
__Htext6                                                        text6        000000
__Htext60                                                       text60       000000
__Htext61                                                       text61       000000
__Htext62                                                       text62       000000
__Htext63                                                       text63       000000
__Htext64                                                       text64       000000
__Htext65                                                       text65       000000
__Htext66                                                       text66       000000
__Htext67                                                       text67       000000
__Htext68                                                       text68       000000
__Htext69                                                       text69       000000
__Htext7                                                        text7        000000
__Htext70                                                       text70       000000
[...]
_abs                                                            text106      003212
_allChars                                                       dataBANK5    0005BB
_buttonHoldTimeMs                                               bssBANK5     000586
_buttonPressedFlag                                              bssBANK5     000598
_closeFullDuration                                              bssBANK5     000582
_configCloseGate                                                text91       002FDC
_configDone                                                     bssBANK5     000599
_configFlag                                                     bssBANK5     00059A
_configMode                                                     bssBANK5     000597
_configOpenGate                                                 text90       002ED4
_currentOption                                                  bssBANK5     000592
_currentReadings                                                bssBANK5     000590
_displayChar                                                    text22       0025CE
_displayString                                                  text21       001798
_emergencyFlag                                                  bssBANK5     00058A
_findChar                                                       text26       0024E2
_gateCloseFullMs                                                bssBANK5     000572
_gateOpenFullMs                                                 bssBANK5     000574
_gateOpenTimerMs                                                bssBANK5     000588
_gateState                                                      dataCOMRAM   00055D
_lastConfigMode                                                 dataBANK5    0005BD
_lastGateState                                                  dataBANK5    0005C1
_lastMotorState                                                 bssBANK5     000566
_main                                                           text0        0033EC
_menuMode                                                       bssBANK5     00059B
_motorIsRunning                                                 bssBANK5     00058C
_motorState                                                     bssCOMRAM    00055C
_openFullDuration                                               bssBANK5     000584
_overcurrentFlag                                                bssBANK5     00059C
_overcurrentThreshold                                           dataBANK5    0005C3
_printInt                                                       text101      002168
_projectInitialize                                              text1        001148
_putch                                                          text7        0033CA
_pwmPeriod                                                      dataBANK5    0005BF
_segments                                                       mediumconst  007E8B
_setBrightness                                                  text20       00327A
_slowdownTimeClose_ms                                           bssBANK5     000562
_slowdownTimeOpen_ms                                            bssBANK5     000564
_speedLevel                                                     dataBANK5    0005C5
_start                                                          text25       00357C
_stop                                                           text24       003572
_strcpy                                                         text96       003100
_systemState                                                    bssCOMRAM    00055B
_timeAuto                                                       bssBANK5     000578
_timeoutCloseFull                                               bssBANK5     000594
_timeoutOpenFull                                                bssBANK5     000595
_timeoutToClose                                                 bssBANK5     000596
_timer0Elapsed_ms                                               bssBANK5     000560
_timer0_ms                                                      bssBANK5     00057A
_timerTMR0ReloadVal16bit                                        bssBANK5     000576
_uart1RxLastError                                               bssBANK5     00056E
_userRequest                                                    bssBANK5     00058E
_writeByte                                                      text23       002C68
abs@a                                                           cstackCOMRAM 000501
displayChar@ch                                                  cstackBANK5  0005EE
displayChar@data                                                cstackBANK5  0005EF
displayChar@dotFlag                                             cstackBANK5  0005EB
displayChar@pos                                                 cstackBANK5  0005EA
displayString@dotFlag                                           cstackBANK5  0005F6
displayString@pos                                               cstackBANK5  0005F5
displayString@startPos                                          cstackBANK5  0005F2
displayString@str                                               cstackBANK5  0005F0
end_of_initialization                                           cinit        002C08
findChar@ch                                                     cstackBANK5  0005E8
findChar@i                                                      cstackBANK5  0005E9
i2UART1_Write@txData                                            cstackCOMRAM 000502
i2UART1_WriteString@str                                         cstackCOMRAM 000504
i2_NVM_IsBusy                                                   text69       0034D6
i2_UART1_IsTxReady                                              text104      0033A2
i2_UART1_IsTxReady$2738                                         cstackCOMRAM 000501
i2_UART1_Write                                                  text103      0034A4
i2_UART1_WriteString                                            text100      0031DC
i2_displayChar                                                  text126      002962
i2_displayString                                                text125      001874
i2_findChar                                                     text130      002812
i2_putch                                                        text102      003486
i2_start                                                        text129      00361C
i2_stop                                                         text128      003612
i2_writeByte                                                    text127      002DAA
i2displayChar@ch                                                cstackCOMRAM 000509
i2displayChar@data                                              cstackCOMRAM 00050A
i2displayChar@dotFlag                                           cstackCOMRAM 000506
i2displayChar@pos                                               cstackCOMRAM 000505
i2displayString@dotFlag                                         cstackCOMRAM 000511
i2displayString@pos                                             cstackCOMRAM 000510
i2displayString@startPos                                        cstackCOMRAM 00050D
i2displayString@str                                             cstackCOMRAM 00050B
i2findChar@ch                                                   cstackCOMRAM 000503
i2findChar@i                                                    cstackCOMRAM 000504
i2putch@txData                                                  cstackCOMRAM 000503
i2writeByte@data                                                cstackCOMRAM 000501
i2writeByte@i                                                   cstackCOMRAM 000502
intlevel0                                                       text         000000
intlevel1                                                       text         000000
intlevel2                                                       text         000000
intlevel3                                                       text         000000
isa$std                                                         (abs)        000001
isa$xinst                                                       (abs)        000000
ivt0x8_base                                                     ivt0x8       000008
printInt@buf                                                    cstackCOMRAM 00050A
printInt@i                                                      cstackCOMRAM 000514
printInt@value                                                  cstackCOMRAM 000508
putch@txData                                                    cstackBANK5  0005E8
setBrightness@br                                                cstackBANK5  0005E8
stackhi                                                         (abs)        000000
stacklo                                                         (abs)        000000
start                                                           init         00001A
start_initialization                                            cinit        002BB8
strcpy@d                                                        cstackCOMRAM 000505
strcpy@dest                                                     cstackCOMRAM 000501
strcpy@src                                                      cstackCOMRAM 000503
writeByte@data                                                  cstackBANK5  0005E6
writeByte@i                                                     cstackBANK5  0005E7


MODULE INFORMATION

Module		Function		Class		Link	Load	Size
/Applications/microchip/xc8/v2.50/pic/sources/c99/common/abs.c
		_abs           		CODE           	3212	0000	52

/Applications/microchip/xc8/v2.50/pic/sources/c99/common/abs.c estimated size: 52

/Applications/microchip/xc8/v2.50/pic/sources/c99/common/sprcadd.c
		___fladd       		CODE           	001E	0000	1206

/Applications/microchip/xc8/v2.50/pic/sources/c99/common/sprcadd.c estimated size: 1206

/Applications/microchip/xc8/v2.50/pic/sources/c99/common/lwdiv.c
		___lwdiv       		CODE           	279E	0000	116

/Applications/microchip/xc8/v2.50/pic/sources/c99/common/lwdiv.c estimated size: 116

/Applications/microchip/xc8/v2.50/pic/sources/c99/common/fltol.c
		___fltol       		CODE           	14C0	0000	262

/Applications/microchip/xc8/v2.50/pic/sources/c99/common/fltol.c estimated size: 262

mcc_generated_files/system/src/interrupt.c
		_INT0_SetInterruptHandler		CODE           	35FE	0000	10
		_INT1_SetInterruptHandler		CODE           	35F4	0000	10
		_INT2_SetInterruptHandler		CODE           	35EA	0000	10
		_INTERRUPT_Initialize		CODE           	3056	0000	58
		_INTERRUPT_InterruptManager		CODE           	1C68	0000	194

mcc_generated_files/system/src/interrupt.c estimated size: 282

mcc_generated_files/pwm/src/pwm1_16bit.c
		_PWM1_PHASE_A_Initialize		CODE           	2AFA	0000	98
		_PWM1_PHASE_A_SetSlice1Output1DutyCycleRegister		CODE           	3626	0000	10
		_PWM1_PHASE_A_Disable		CODE           	365C	0000	4
		_PWM1_PHASE_A_Enable		CODE           	3664	0000	4
		_PWM1_PHASE_A_Period_SetInterruptHandler		CODE           	359A	0000	10
		_PWM1_PHASE_A_Slice1Output1_SetInterruptHandler		CODE           	3590	0000	10
		_PWM1_PHASE_A_Slice1Output2_SetInterruptHandler		CODE           	3586	0000	10
		_PWM1_PHASE_A_LoadBufferRegisters		CODE           	3660	0000	4

mcc_generated_files/pwm/src/pwm1_16bit.c estimated size: 150

mcc_generated_files/adc/src/adcc.c
		_ADCC_DefaultADI_ISR		CODE           	367C	0000	2
		_ADCC_GetConversionResult		CODE           	34EC	0000	22
		_ADCC_SetADIInterruptHandler		CODE           	3608	0000	10
		_ADCC_ISR      		CODE           	31A6	0000	54
		_ADCC_StartConversion		CODE           	3552	0000	12
		_ADCC_Initialize		CODE           	2CBC	0000	82
		_CheckOverCurrent		CODE           	0E3E	0000	430

mcc_generated_files/adc/src/adcc.c estimated size: 612

/Applications/microchip/xc8/v2.50/pic/sources/c99/common/xxtofl.c
		___xxtofl      		CODE           	0C8A	0000	436

/Applications/microchip/xc8/v2.50/pic/sources/c99/common/xxtofl.c estimated size: 436

mcc_generated_files/nvm/src/../../../debug.h
		_DEBUG_PRINT_HEX@debug$F663		CODE           	3672	0000	2
		_DEBUG_PRINT_INT@debug$F660		CODE           	3670	0000	2

mcc_generated_files/nvm/src/../../../debug.h estimated size: 4

mcc_generated_files/uart/src/uart1.c
		_UART1_IsTxReady		CODE           	30C8	0000	56
		_UART1_Write   		CODE           	3352	0000	40
		_putch         		CODE           	33CA	0000	34
		_UART1_FramingErrorCallbackRegister		CODE           	3468	0000	30
		_UART1_WriteString		CODE           	3090	0000	56
		_printInt      		CODE           	2168	0000	174
		_UART1_OverrunErrorCallbackRegister		CODE           	344A	0000	30
		_UART1_Initialize		CODE           	28F6	0000	108
		_UART1_WriteUInt		CODE           	20BA	0000	174
		_UART1_ParityErrorCallbackRegister		CODE           	342C	0000	30

mcc_generated_files/uart/src/uart1.c estimated size: 732

motor.c
		_HandleMotorWhileRunning		CODE           	13B0	0000	272
		_MotorStopSampling		CODE           	3516	0000	16
		_configOpenGate		CODE           	2ED4	0000	70
		_configCloseGate		CODE           	2FDC	0000	62
		_StopGate      		CODE           	3138	0000	56
		_HandleMotorWhileStopped		CODE           	1D2A	0000	192
		_SetGate       		CODE           	2886	0000	112
		_CloseGate     		CODE           	340C	0000	32
		_MotorStartSampling		CODE           	3526	0000	16
		_Motor_UpdateSpeedLevel		CODE           	2E44	0000	72
		_CloseGateSlow 		CODE           	2E8C	0000	72
		_OpenGate      		CODE           	2D5C	0000	78
		_EmergencyOpen 		CODE           	2C12	0000	86
		_OpenGateSlow  		CODE           	3246	0000	52
		_HandleEmergency		CODE           	32A8	0000	44
		_HandleMotorState		CODE           	1296	0000	282
		_HandleConfigMode		CODE           	1DEA	0000	186
		_MotorControl  		CODE           	2F9C	0000	64

motor.c estimated size: 1764

/Applications/microchip/xc8/v2.50/pic/sources/c99/common/strcpy.c
		_strcpy        		CODE           	3100	0000	56

/Applications/microchip/xc8/v2.50/pic/sources/c99/common/strcpy.c estimated size: 56

mcc_generated_files/nvm/src/nvm.c
		_EEPROM_WriteUInt16		CODE           	23DA	0000	138
		_NVM_Initialize		CODE           	3638	0000	6
		_EEPROM_Read   		CODE           	2F1A	0000	66
		_EEPROM_Write  		CODE           	2D0E	0000	78
		_NVM_UnlockSequence		CODE           	3544	0000	14
		_EEPROM_ReadUInt16		CODE           	301A	0000	60
		_NVM_StatusClear		CODE           	363E	0000	6
		_NVM_IsBusy    		CODE           	34C0	0000	22

mcc_generated_files/nvm/src/nvm.c estimated size: 390

mcc_generated_files/system/src/pins.c
		_UP_SetInterruptHandler		CODE           	35A4	0000	10
		_ENTER_ISR     		CODE           	2A32	0000	100
		_PIN_MANAGER_Initialize		CODE           	1948	0000	208
		_BACK_ISR      		CODE           	272A	0000	116
		_ENTER_DefaultInterruptHandler		CODE           	3674	0000	2
		_DOWN_DefaultInterruptHandler		CODE           	3676	0000	2
		_UP_DefaultInterruptHandler		CODE           	366E	0000	2
		_BUTTON_ISR    		CODE           	29CC	0000	102
		_PHOTOCELL_ISR 		CODE           	1EA4	0000	182
		_GATE_ISR      		CODE           	16B2	0000	230
		_BACK_SetInterruptHandler		CODE           	35E0	0000	10
		_DOWN_ISR      		CODE           	26B6	0000	116
		_UP_ISR        		CODE           	2642	0000	116
		_BUTTON_SetInterruptHandler		CODE           	35D6	0000	10
		_GATE_SetInterruptHandler		CODE           	35B8	0000	10
		_PIN_MANAGER_IOC		CODE           	234C	0000	142
		_PHOTOCELL_SetInterruptHandler		CODE           	35AE	0000	10
		_BACK_DefaultInterruptHandler		CODE           	367A	0000	2
		_DOWN_SetInterruptHandler		CODE           	35CC	0000	10
		_ENTER_SetInterruptHandler		CODE           	35C2	0000	10

mcc_generated_files/system/src/pins.c estimated size: 1390

shared
		i2_UART1_IsTxReady		CODE           	33A2	0000	40
		i2_writeByte   		CODE           	2DAA	0000	78
		i2_putch       		CODE           	3486	0000	30
		i2_displayString		CODE           	1874	0000	212
		i2_stop        		CODE           	3612	0000	10
		_segments      		MEDIUMCONST    	7E8B	0000	42
		i2_start       		CODE           	361C	0000	10
		_Timer2        		MEDIUMCONST    	7ED8	0000	12
		Motor_UpdateSpeedLevel@F14403		MEDIUMCONST    	7EB5	0000	18
		__initialization		CODE           	2BB8	0000	80
		i2_findChar    		CODE           	2812	0000	116
		UART1_WriteHexDigit@F14450		MEDIUMCONST    	7EC7	0000	17
		_UART1         		MEDIUMCONST    	7E5B	0000	48
		i2_NVM_IsBusy  		CODE           	34D6	0000	22
		_Timer0        		MEDIUMCONST    	7EE4	0000	12
		i2_UART1_WriteString		CODE           	31DC	0000	54
		i2_displayChar 		CODE           	2962	0000	106
		i2_UART1_Write 		CODE           	34A4	0000	28

shared estimated size: 935

menu.c
		_Menu_HandleEnterPress		CODE           	0FEC	0000	348
		_Menu_HandleBack		CODE           	2DF8	0000	76
		_HandleButtonMenuConfig		CODE           	1BA4	0000	196
		_Menu_HandleDown		CODE           	1A18	0000	200
		_Menu_AdjustSpeed		CODE           	22B8	0000	148
		_Menu_AdjustOvercurrent		CODE           	200A	0000	176
		_Menu_HandleUp 		CODE           	1AE0	0000	196
		_Menu_SaveSettings		CODE           	2464	0000	126
		_Menu_AdjustTime		CODE           	1F5A	0000	176
		_Menu_PrintCurrentOption		CODE           	15C6	0000	236

menu.c estimated size: 1878

mcc_generated_files/timer/src/tmr2.c
		_TMR2_ISR      		CODE           	2B5C	0000	92
		_TMR2_Initialize		CODE           	32FE	0000	42
		_TMR2_Stop     		CODE           	3644	0000	6
		_TMR2_Start    		CODE           	364A	0000	6
		_TMR2_OverflowCallbackRegister		CODE           	355E	0000	10
		_TMR2_DefaultOverflowCallback		CODE           	366C	0000	2

mcc_generated_files/timer/src/tmr2.c estimated size: 158

mcc_generated_files/system/src/clock.c
		_CLOCK_Initialize		CODE           	3502	0000	20

mcc_generated_files/system/src/clock.c estimated size: 20

mcc_generated_files/timer/src/tmr0.c
		_TrackConfigTiming		CODE           	3630	0000	8
		_TMR0_OverflowCallbackRegister		CODE           	3568	0000	10
		_TMR0_Reload   		CODE           	3536	0000	14
		_TMR0_DefaultOverflowCallback		CODE           	366A	0000	2
		_HandleAutoCloseTimeout		CODE           	2F5C	0000	64
		_HandleFullSpeedTransitions		CODE           	2216	0000	162
		_TMR0_OverflowISR		CODE           	2558	0000	118
		_TMR0_Initialize		CODE           	3170	0000	54
		_TMR0_Stop     		CODE           	3650	0000	6
		_TMR0_Start    		CODE           	3656	0000	6

mcc_generated_files/timer/src/tmr0.c estimated size: 444

./debug.h
		_DEBUG_PRINT_INT@debug$F2824		CODE           	3668	0000	2
		_DEBUG_PRINT_INT@debug$F3089		CODE           	3678	0000	2

./debug.h estimated size: 4

/Applications/microchip/xc8/v2.50/pic/sources/c99/common/sprcmul.c
		___flmul       		CODE           	04D4	0000	1062

/Applications/microchip/xc8/v2.50/pic/sources/c99/common/sprcmul.c estimated size: 1062

main.c
		_projectInitialize		CODE           	1148	0000	334
		_main          		CODE           	33EC	0000	32

main.c estimated size: 366

tm1637.c
		_displayChar   		CODE           	25CE	0000	116
		_stop          		CODE           	3572	0000	10
		_displayString 		CODE           	1798	0000	220
		_TM1637_init   		CODE           	337A	0000	40
		_writeByte     		CODE           	2C68	0000	84
		_start         		CODE           	357C	0000	10
		_findChar      		CODE           	24E2	0000	118
		_setBrightness 		CODE           	327A	0000	46

tm1637.c estimated size: 644

/Applications/microchip/xc8/v2.50/pic/sources/c99/common/sprcdiv.c
		___fldiv       		CODE           	08FA	0000	912

/Applications/microchip/xc8/v2.50/pic/sources/c99/common/sprcdiv.c estimated size: 912

/Applications/microchip/xc8/v2.50/pic/sources/c99/common/lwmod.c
		___lwmod       		CODE           	2A96	0000	100

/Applications/microchip/xc8/v2.50/pic/sources/c99/common/lwmod.c estimated size: 100

mcc_generated_files/system/src/system.c
		_SYSTEM_Initialize		CODE           	32D4	0000	42

mcc_generated_files/system/src/system.c estimated size: 42

